
    create table domain (
       eppRepoId varchar(255) not null,
        fqdn varchar(255),
        primary key (eppRepoId)
    );

    create table host (
       eppRepoId varchar(255) not null,
        fqhn varchar(255),
        primary key (eppRepoId)
    );
